[    0.000000] Initializing cgroup subsys cpuset
[    0.000000] Initializing cgroup subsys cpu
[    0.000000] Initializing cgroup subsys cpuacct
[    0.000000] Linux version 4.4.0-209-generic (buildd@lcy01-amd64-019) (gcc version 5.4.0 20160609 (Ubuntu 5.4.0-6ubuntu1~16.04.12) ) #241-Ubuntu SMP Tue Apr 13 01:06:06 UTC 2021 (Ubuntu 4.4.0-209.241-generic 4.4.262)
[    0.000000] Command line: BOOT_IMAGE=/boot/vmlinuz-4.4.0-209-generic root=LABEL=cloudimg-rootfs ro console=tty1 console=ttyS0
[    0.000000] KERNEL supported cpus:
[    0.000000]   Intel GenuineIntel
[    0.000000]   AMD AuthenticAMD
[    0.000000]   Centaur CentaurHauls
[    0.000000] x86/fpu: xstate_offset[2]:  576, xstate_sizes[2]:  256
[    0.000000] x86/fpu: Supporting XSAVE feature 0x01: 'x87 floating point registers'
[    0.000000] x86/fpu: Supporting XSAVE feature 0x02: 'SSE registers'
[    0.000000] x86/fpu: Supporting XSAVE feature 0x04: 'AVX registers'
[    0.000000] x86/fpu: Enabled xstate features 0x7, context size is 832 bytes, using 'standard' format.
[    0.000000] e820: BIOS-provided physical RAM map:
[    0.000000] BIOS-e820: [mem 0x0000000000000000-0x000000000009fbff] usable
[    0.000000] BIOS-e820: [mem 0x000000000009fc00-0x000000000009ffff] reserved
[    0.000000] BIOS-e820: [mem 0x00000000000f0000-0x00000000000fffff] reserved
[    0.000000] BIOS-e820: [mem 0x0000000000100000-0x000000001ffeffff] usable
[    0.000000] BIOS-e820: [mem 0x000000001fff0000-0x000000001fffffff] ACPI data
[    0.000000] BIOS-e820: [mem 0x00000000fec00000-0x00000000fec00fff] reserved
[    0.000000] BIOS-e820: [mem 0x00000000fee00000-0x00000000fee00fff] reserved
[    0.000000] BIOS-e820: [mem 0x00000000fffc0000-0x00000000ffffffff] reserved
[    0.000000] NX (Execute Disable) protection: active
[    0.000000] SMBIOS 2.5 present.
[    0.000000] Hypervisor detected: KVM
[    0.000000] e820: last_pfn = 0x1fff0 max_arch_pfn = 0x400000000
[    0.000000] MTRR: Disabled
[    0.000000] x86/PAT: MTRRs disabled, skipping PAT initialization too.
[    0.000000] CPU MTRRs all blank - virtualized system.
[    0.000000] x86/PAT: Configuration [0-7]: WB  WT  UC- UC  WB  WT  UC- UC  
[    0.000000] found SMP MP-table at [mem 0x0009fff0-0x0009ffff] mapped at [ffff88000009fff0]
[    0.000000] Scanning 1 areas for low memory corruption
[    0.000000] RAMDISK: [mem 0x1e988000-0x1f811fff]
[    0.000000] ACPI: Early table checksum verification disabled
[    0.000000] ACPI: RSDP 0x00000000000E0000 000024 (v02 VBOX  )
[    0.000000] ACPI: XSDT 0x000000001FFF0030 00003C (v01 VBOX   VBOXXSDT 00000001 ASL  00000061)
[    0.000000] ACPI: FACP 0x000000001FFF00F0 0000F4 (v04 VBOX   VBOXFACP 00000001 ASL  00000061)
[    0.000000] ACPI: DSDT 0x000000001FFF0470 002325 (v02 VBOX   VBOXBIOS 00000002 INTL 20190509)
[    0.000000] ACPI: FACS 0x000000001FFF0200 000040
[    0.000000] ACPI: FACS 0x000000001FFF0200 000040
[    0.000000] ACPI: APIC 0x000000001FFF0240 00005C (v02 VBOX   VBOXAPIC 00000001 ASL  00000061)
[    0.000000] ACPI: SSDT 0x000000001FFF02A0 0001CC (v01 VBOX   VBOXCPUT 00000002 INTL 20190509)
[    0.000000] No NUMA configuration found
[    0.000000] Faking a node at [mem 0x0000000000000000-0x000000001ffeffff]
[    0.000000] NODE_DATA(0) allocated [mem 0x1ffeb000-0x1ffeffff]
[    0.000000] kvm-clock: Using msrs 4b564d01 and 4b564d00
[    0.000000] kvm-clock: cpu 0, msr 0:1ffe3001, primary cpu clock
[    0.000000] kvm-clock: using sched offset of 5800628445 cycles
[    0.000000] clocksource: kvm-clock: mask: 0xffffffffffffffff max_cycles: 0x1cd42e4dffb, max_idle_ns: 881590591483 ns
[    0.000000] Zone ranges:
[    0.000000]   DMA      [mem 0x0000000000001000-0x0000000000ffffff]
[    0.000000]   DMA32    [mem 0x0000000001000000-0x000000001ffeffff]
[    0.000000]   Normal   empty
[    0.000000]   Device   empty
[    0.000000] Movable zone start for each node
[    0.000000] Early memory node ranges
[    0.000000]   node   0: [mem 0x0000000000001000-0x000000000009efff]
[    0.000000]   node   0: [mem 0x0000000000100000-0x000000001ffeffff]
[    0.000000] Initmem setup node 0 [mem 0x0000000000001000-0x000000001ffeffff]
[    0.000000] ACPI: PM-Timer IO Port: 0x4008
[    0.000000] IOAPIC[0]: apic_id 2, version 32, address 0xfec00000, GSI 0-23
[    0.000000] ACPI: INT_SRC_OVR (bus 0 bus_irq 0 global_irq 2 dfl dfl)
[    0.000000] ACPI: INT_SRC_OVR (bus 0 bus_irq 9 global_irq 9 low level)
[    0.000000] Using ACPI (MADT) for SMP configuration information
[    0.000000] smpboot: Allowing 2 CPUs, 0 hotplug CPUs
[    0.000000] PM: Registered nosave memory: [mem 0x00000000-0x00000fff]
[    0.000000] PM: Registered nosave memory: [mem 0x0009f000-0x0009ffff]
[    0.000000] PM: Registered nosave memory: [mem 0x000a0000-0x000effff]
[    0.000000] PM: Registered nosave memory: [mem 0x000f0000-0x000fffff]
[    0.000000] e820: [mem 0x20000000-0xfebfffff] available for PCI devices
[    0.000000] Booting paravirtualized kernel on KVM
[    0.000000] clocksource: refined-jiffies: mask: 0xffffffff max_cycles: 0xffffffff, max_idle_ns: 7645519600211568 ns
[    0.000000] setup_percpu: NR_CPUS:512 nr_cpumask_bits:512 nr_cpu_ids:2 nr_node_ids:1
[    0.000000] PERCPU: Embedded 33 pages/cpu @ffff88001fc00000 s95192 r8192 d31784 u1048576
[    0.000000] Built 1 zonelists in Node order, mobility grouping on.  Total pages: 128888
[    0.000000] Policy zone: DMA32
[    0.000000] Kernel command line: BOOT_IMAGE=/boot/vmlinuz-4.4.0-209-generic root=LABEL=cloudimg-rootfs ro console=tty1 console=ttyS0
[    0.000000] PID hash table entries: 2048 (order: 2, 16384 bytes)
[    0.000000] Memory: 481712K/523832K available (8644K kernel code, 1332K rwdata, 4044K rodata, 1492K init, 1164K bss, 42120K reserved, 0K cma-reserved)
[    0.000000] SLUB: HWalign=64, Order=0-3, MinObjects=0, CPUs=2, Nodes=1
[    0.000000] Kernel/User page tables isolation: enabled
[    0.000000] Hierarchical RCU implementation.
[    0.000000] 	Build-time adjustment of leaf fanout to 64.
[    0.000000] 	RCU restricting CPUs from NR_CPUS=512 to nr_cpu_ids=2.
[    0.000000] RCU: Adjusting geometry for rcu_fanout_leaf=64, nr_cpu_ids=2
[    0.000000] NR_IRQS:33024 nr_irqs:440 16
[    0.000000] Console: colour VGA+ 80x25
[    0.000000] console [tty1] enabled
[    0.000000] console [ttyS0] enabled
[    0.000000] tsc: Detected 2992.880 MHz processor
[    0.968788] Calibrating delay loop (skipped) preset value.. 5985.76 BogoMIPS (lpj=11971520)
[    0.982537] pid_max: default: 32768 minimum: 301
[    0.989567] ACPI: Core revision 20150930
[    0.996941] ACPI: 2 ACPI AML tables successfully acquired and loaded
[    1.007188] Security Framework initialized
[    1.013495] Yama: becoming mindful.
[    1.019434] AppArmor: AppArmor initialized
[    1.026047] Dentry cache hash table entries: 65536 (order: 7, 524288 bytes)
[    1.035738] Inode-cache hash table entries: 32768 (order: 6, 262144 bytes)
[    1.045271] Mount-cache hash table entries: 1024 (order: 1, 8192 bytes)
[    1.054097] Mountpoint-cache hash table entries: 1024 (order: 1, 8192 bytes)
[    1.063651] Initializing cgroup subsys io
[    1.070404] Initializing cgroup subsys memory
[    1.077491] Initializing cgroup subsys devices
[    1.084283] Initializing cgroup subsys freezer
[    1.091747] Initializing cgroup subsys net_cls
[    1.098744] Initializing cgroup subsys perf_event
[    1.105688] Initializing cgroup subsys net_prio
[    1.112759] Initializing cgroup subsys hugetlb
[    1.119503] Initializing cgroup subsys pids
[    1.127761] mce: CPU supports 0 MCE banks
[    1.134048] Last level iTLB entries: 4KB 64, 2MB 8, 4MB 8
[    1.141638] Last level dTLB entries: 4KB 64, 2MB 0, 4MB 0, 1GB 4
[    1.151112] Spectre V1 : Mitigation: usercopy/swapgs barriers and __user pointer sanitization
[    1.166438] Spectre V2 : Mitigation: Full generic retpoline
[    1.175184] Spectre V2 : Spectre v2 / SpectreRSB mitigation: Filling RSB on context switch
[    1.189999] Speculative Store Bypass: Vulnerable
[    1.197777] MDS: Mitigation: Clear CPU buffers
[    1.244152] Freeing SMP alternatives memory: 36K
[    1.326306] ftrace: allocating 32380 entries in 127 pages
[    1.857849] smpboot: APIC(0) Converting physical 0 to logical package 0
[    1.867956] smpboot: Max logical packages: 1
[    1.876843] x2apic enabled
[    1.883650] Switched APIC routing to physical x2apic.
[    1.899986] ..TIMER: vector=0x30 apic1=0 pin1=2 apic2=-1 pin2=-1
[    2.017083] smpboot: CPU0: Intel(R) Xeon(R) Gold 6248R CPU @ 3.00GHz (family: 0x6, model: 0x4f, stepping: 0x0)
[    2.034693] Performance Events: unsupported p6 CPU model 79 no PMU driver, software events only.
[    2.131963] KVM setup paravirtual spinlock
[    2.139952] x86: Booting SMP configuration:
[    2.146557] .... node  #0, CPUs:      #1
[    2.154490] kvm-clock: cpu 1, msr 0:1ffe3041, secondary cpu clock
[    2.163818] mce: CPU supports 0 MCE banks
[    2.169969] x86: Booted up 1 node, 2 CPUs
[    2.178743] smpboot: Total of 2 processors activated (11971.52 BogoMIPS)
[    2.193120] devtmpfs: initialized
[    2.201353] evm: security.selinux
[    2.207358] evm: security.SMACK64
[    2.213453] evm: security.SMACK64EXEC
[    2.219643] evm: security.SMACK64TRANSMUTE
[    2.226427] evm: security.SMACK64MMAP
[    2.232527] evm: security.ima
[    2.238702] evm: security.capability
[    2.245789] clocksource: jiffies: mask: 0xffffffff max_cycles: 0xffffffff, max_idle_ns: 7645041785100000 ns
[    2.263897] futex hash table entries: 512 (order: 3, 32768 bytes)
[    2.273516] pinctrl core: initialized pinctrl subsystem
[    2.283171] RTC time: 22:13:17, date: 05/23/21
[    2.290948] NET: Registered protocol family 16
[    2.308550] cpuidle: using governor ladder
[    2.325582] cpuidle: using governor menu
[    2.333466] PCCT header not found.
[    2.341344] ACPI: bus type PCI registered
[    2.349384] acpiphp: ACPI Hot Plug PCI Controller Driver version: 0.5
[    2.358339] PCI: Using configuration type 1 for base access
[    2.380975] ACPI: Added _OSI(Module Device)
[    2.389929] ACPI: Added _OSI(Processor Device)
[    2.403069] ACPI: Added _OSI(3.0 _SCP Extensions)
[    2.411690] ACPI: Added _OSI(Processor Aggregator Device)
[    2.424206] ACPI: Executed 1 blocks of module-level executable AML code
[    2.438745] ACPI: Interpreter enabled
[    2.444971] ACPI: (supports S0 S5)
[    2.450987] ACPI: Using IOAPIC for interrupt routing
[    2.459232] PCI: Using host bridge windows from ACPI; if necessary, use "pci=nocrs" and report a bug
[    2.483783] ACPI: PCI Root Bridge [PCI0] (domain 0000 [bus 00-ff])
[    2.493008] acpi PNP0A03:00: _OSC: OS supports [ASPM ClockPM Segments MSI]
[    2.504603] acpi PNP0A03:00: _OSC: not requesting OS control; OS requires [ExtendedConfig ASPM ClockPM MSI]
[    2.521209] acpi PNP0A03:00: fail to add MMCONFIG information, can't access extended PCI configuration space under this bridge.
[    2.538916] PCI host bridge to bus 0000:00
[    2.546009] pci_bus 0000:00: root bus resource [io  0x0000-0x0cf7 window]
[    2.555851] pci_bus 0000:00: root bus resource [io  0x0d00-0xffff window]
[    2.567088] pci_bus 0000:00: root bus resource [mem 0x000a0000-0x000bffff window]
[    2.581033] pci_bus 0000:00: root bus resource [mem 0x20000000-0xfdffffff window]
[    2.593776] pci_bus 0000:00: root bus resource [bus 00-ff]
[    2.612915] pci 0000:00:01.1: legacy IDE quirk: reg 0x10: [io  0x01f0-0x01f7]
[    2.622346] pci 0000:00:01.1: legacy IDE quirk: reg 0x14: [io  0x03f6]
[    2.631882] pci 0000:00:01.1: legacy IDE quirk: reg 0x18: [io  0x0170-0x0177]
[    2.641564] pci 0000:00:01.1: legacy IDE quirk: reg 0x1c: [io  0x0376]
[    2.860078] pci 0000:00:07.0: quirk: [io  0x4000-0x403f] claimed by PIIX4 ACPI
[    2.873561] pci 0000:00:07.0: quirk: [io  0x4100-0x410f] claimed by PIIX4 SMB
[    2.958528] ACPI: PCI Interrupt Link [LNKA] (IRQs 5 9 10 *11)
[    2.972195] ACPI: PCI Interrupt Link [LNKB] (IRQs 5 9 *10 11)
[    2.984632] ACPI: PCI Interrupt Link [LNKC] (IRQs 5 *9 10 11)
[    2.997518] ACPI: PCI Interrupt Link [LNKD] (IRQs 5 9 10 *11)
[    3.010539] ACPI: Enabled 2 GPEs in block 00 to 07
[    3.022133] vgaarb: setting as boot device: PCI:0000:00:02.0
[    3.030302] vgaarb: device added: PCI:0000:00:02.0,decodes=io+mem,owns=io+mem,locks=none
[    3.043058] vgaarb: loaded
[    3.048042] vgaarb: bridge control possible 0000:00:02.0
[    3.056563] SCSI subsystem initialized
[    3.063489] ACPI: bus type USB registered
[    3.069913] usbcore: registered new interface driver usbfs
[    3.077705] usbcore: registered new interface driver hub
[    3.085157] usbcore: registered new device driver usb
[    3.093502] PCI: Using ACPI for IRQ routing
[    3.101950] NetLabel: Initializing
[    3.108090] NetLabel:  domain hash size = 128
[    3.115048] NetLabel:  protocols = UNLABELED CIPSOv4
[    3.122482] NetLabel:  unlabeled traffic allowed by default
[    3.130868] amd_nb: Cannot enumerate AMD northbridges
[    3.138426] clocksource: Switched to clocksource kvm-clock
[    3.164396] AppArmor: AppArmor Filesystem Enabled
[    3.172968] pnp: PnP ACPI init
[    3.183544] pnp: PnP ACPI: found 3 devices
[    3.198940] clocksource: acpi_pm: mask: 0xffffff max_cycles: 0xffffff, max_idle_ns: 2085701024 ns
[    3.213703] NET: Registered protocol family 2
[    3.222884] TCP established hash table entries: 4096 (order: 3, 32768 bytes)
[    3.233669] TCP bind hash table entries: 4096 (order: 4, 65536 bytes)
[    3.244171] TCP: Hash tables configured (established 4096 bind 4096)
[    3.254464] UDP hash table entries: 256 (order: 1, 8192 bytes)
[    3.264583] UDP-Lite hash table entries: 256 (order: 1, 8192 bytes)
[    3.274290] NET: Registered protocol family 1
[    3.281986] pci 0000:00:00.0: Limiting direct PCI/PCI transfers
[    3.291358] pci 0000:00:01.0: Activating ISA DMA hang workarounds
[    3.304151] Unpacking initramfs...
[    3.673425] Freeing initrd memory: 14888K
[    3.681761] clocksource: tsc: mask: 0xffffffffffffffff max_cycles: 0x2b23ff01ca6, max_idle_ns: 440795218045 ns
[    3.700044] platform rtc_cmos: registered platform RTC device (no PNP device found)
[    3.715609] Scanning for low memory corruption every 60 seconds
[    3.728456] audit: initializing netlink subsys (disabled)
[    3.738987] audit: type=2000 audit(1621808004.060:1): initialized
[    3.750788] Initialise system trusted keyring
[    3.760544] HugeTLB registered 2 MB page size, pre-allocated 0 pages
[    3.774326] zbud: loaded
[    3.781615] VFS: Disk quotas dquot_6.6.0
[    3.790094] VFS: Dquot-cache hash table entries: 512 (order 0, 4096 bytes)
[    3.801793] squashfs: version 4.0 (2009/01/31) Phillip Lougher
[    3.812153] fuse init (API version 7.23)
[    3.819525] Key type big_key registered
[    3.827055] Allocating IMA MOK and blacklist keyrings.
[    3.840386] Key type asymmetric registered
[    3.847887] Asymmetric key parser 'x509' registered
[    3.856490] Block layer SCSI generic (bsg) driver version 0.4 loaded (major 249)
[    3.871331] io scheduler noop registered
[    3.878961] io scheduler deadline registered (default)
[    3.887835] io scheduler cfq registered
[    3.895668] pci_hotplug: PCI Hot Plug PCI Core version: 0.5
[    3.905113] pciehp: PCI Express Hot Plug Controller Driver version: 0.4
[    3.916330] ACPI: AC Adapter [AC] (on-line)
[    3.924069] input: Power Button as /devices/LNXSYSTM:00/LNXPWRBN:00/input/input0
[    3.937733] ACPI: Power Button [PWRF]
[    3.945261] input: Sleep Button as /devices/LNXSYSTM:00/LNXSLPBN:00/input/input1
[    3.958657] ACPI: Sleep Button [SLPF]
[    3.966829] GHES: HEST is not enabled!
[    3.974565] Serial: 8250/16550 driver, 32 ports, IRQ sharing enabled
[    .012660]00:02: tyS0 at IO 0x3f8 (irq = 4, base_baud = 115200) is a 16550A
[    4.068278] Linux agpgart interface v0.103
[    4.080384] loop: module loaded
[    4.088774] scsi host0: ata_piix
[    4.095424] scsi host1: ata_piix
[    4.101579] ata1: PATA max UDMA/33 cmd 0x1f0 ctl 0x3f6 bmdma 0xd000 irq 14
[    4.112064] ata2: PATA max UDMA/33 cmd 0x170 ctl 0x376 bmdma 0xd008 irq 15
[    4.121765] libphy: Fixed MDIO Bus: probed
[    4.129855] tun: Universal TUN/TAP device driver, 1.6
[    4.137678] tun: (C) 1999-2004 Max Krasnyansky <maxk@qualcomm.com>
[    4.148130] PPP generic driver version 2.4.2
[    4.155469] ehci_hcd: USB 2.0 'Enhanced' Host Controller (EHCI) Driver
[    4.165055] ehci-pci: EHCI PCI platform driver
[    4.172703] ehci-platform: EHCI generic platform driver
[    4.180801] ohci_hcd: USB 1.1 'Open' Host Controller (OHCI) Driver
[    4.189855] ohci-pci: OHCI PCI platform driver
[    4.196761] ohci-platform: OHCI generic platform driver
[    4.204932] uhci_hcd: USB Universal Host Controller Interface driver
[    4.214371] i8042: PNP: PS/2 Controller [PNP0303:PS2K,PNP0f03:PS2M] at 0x60,0x64 irq 1,12
[    4.230455] serio: i8042 KBD port at 0x60,0x64 irq 1
[    4.237992] serio: i8042 AUX port at 0x60,0x64 irq 12
[    4.246323] mousedev: PS/2 mouse device common for all mice
[    4.257521] rtc_cmos rtc_cmos: rtc core: registered rtc_cmos as rtc0
[    4.267786] rtc_cmos rtc_cmos: alarms up to one day, 114 bytes nvram
[    4.277120] input: AT Translated Set 2 keyboard as /devices/platform/i8042/serio0/input/input2
[    4.298814] i2c /dev entries driver
[    4.305263] device-mapper: uevent: version 1.0.3
[    4.313132] device-mapper: ioctl: 4.34.0-ioctl (2015-10-28) initialised: dm-devel@redhat.com
[    4.326672] ledtrig-cpu: registered to indicate activity on CPUs
[    4.338445] NET: Registered protocol family 10
[    4.349458] NET: Registered protocol family 17
[    4.360165] Key type dns_resolver registered
[    4.372068] registered taskstats version 1
[    4.381655] Loading compiled-in X.509 certificates
[    4.394323] Loaded X.509 cert 'Build time autogenerated kernel key: 22d3a5535218f8054ed36ef6cb783aea6be3ac13'
[    4.416762] zswap: loaded using pool lzo/zbud
[    4.434622] Key type trusted registered
[    4.453532] Key type encrypted registered
[    4.463424] AppArmor: AppArmor sha1 policy hashing enabled
[    4.474789] ima: No TPM chip found, activating TPM-bypass!
[    4.486499] ima: Allocated hash algorithm: sha1
[    4.497474] evm: HMAC attrs: 0x1
[    4.507472]   Magic number: 5:226:250
[    4.516121] rtc_cmos rtc_cmos: setting system clock to 2021-05-23 22:13:19 UTC (1621807999)
[    4.533588] BIOS EDD facility v0.16 2004-Jun-25, 0 devices found
[    4.545525] EDD information not available.
[    4.562318] Freeing unused kernel memory: 1492K
[    4.594664] Write protecting the kernel read-only data: 14336k
[    4.606879] Freeing unused kernel memory: 1584K
[    4.614733] Freeing unused kernel memory: 52K
Loading, please wait...
starting version 229
[    4.647131] random: systemd-udevd: uninitialized urandom read (16 bytes read, 5 bits of entropy available)
[    4.647221] random: udevadm: uninitialized urandom read (16 bytes read, 5 bits of entropy available)
[    4.647244] random: udevadm: uninitialized urandom read (16 bytes read, 5 bits of entropy available)
[    4.659935] random: udevadm: uninitialized urandom read (16 bytes read, 5 bits of entropy available)
[    4.660034] random: udevadm: uninitialized urandom read (16 bytes read, 5 bits of entropy available)
[    4.660217] random: udevadm: uninitialized urandom read (16 bytes read, 5 bits of entropy available)
[    4.660291] random: udevadm: uninitialized urandom read (16 bytes read, 5 bits of entropy available)
[    4.660375] random: udevadm: uninitialized urandom read (16 bytes read, 5 bits of entropy available)
[    4.660449] random: udevadm: uninitialized urandom read (16 bytes read, 5 bits of entropy available)
[    4.660552] random: udevadm: uninitialized urandom read (16 bytes read, 5 bits of entropy available)
[    4.861684] e1000: Intel(R) PRO/1000 Network Driver - version 7.3.21-k8-NAPI
[    4.875124] e1000: Copyright (c) 1999-2006 Intel Corporation.
[    4.924290] AVX2 version of gcm_enc/dec engaged.
[    4.932559] AES CTR mode by8 optimization enabled
[    4.942793] Fusion MPT base driver 3.04.20
[    4.950744] Copyright (c) 1999-2008 LSI Corporation
[    4.992479] Fusion MPT SPI Host driver 3.04.20
[    5.122120] input: ImExPS/2 Generic Explorer Mouse as /devices/platform/i8042/serio1/input/input4
[    5.685925] e1000 0000:00:03.0 eth0: (PCI:33MHz:32-bit) 02:b2:7d:35:d4:c1
[    5.696123] e1000 0000:00:03.0 eth0: Intel(R) PRO/1000 Network Connection
[    5.708277] mptbase: ioc0: Initiating bringup
[    5.780056] ioc0: LSI53C1030 A0: Capabilities={Initiator}
[    5.957300] scsi host2: ioc0: LSI53C1030 A0, FwRev=00000000h, Ports=1, MaxQ=256, IRQ=20
[    6.091582] scsi 2:0:0:0: Direct-Access     VBOX     HARDDISK         1.0  PQ: 0 ANSI: 5
[    6.104077] scsi target2:0:0: Beginning Domain Validation
[    6.117683] scsi target2:0:0: Domain Validation skipping write tests
[    6.127015] scsi target2:0:0: Ending Domain Validation
[    6.135394] scsi target2:0:0: asynchronous
[    6.183906] scsi 2:0:1:0: Direct-Access     VBOX     HARDDISK         1.0  PQ: 0 ANSI: 5
[    6.197937] scsi target2:0:1: Beginning Domain Validation
[    6.211666] scsi target2:0:1: Domain Validation skipping write tests
[    6.221680] scsi target2:0:1: Ending Domain Validation
[    6.230798] scsi target2:0:1: asynchronous
[    6.255910] sd 2:0:0:0: Attached scsi generic sg0 type 0
[    6.259719] sd 2:0:0:0: [sda] 83886080 512-byte logical blocks: (42.9 GB/40.0 GiB)
[    6.260191] sd 2:0:0:0: [sda] Write Protect is off
[    6.260490] sd 2:0:0:0: [sda] Incomplete mode parameter data
[    6.260491] sd 2:0:0:0: [sda] Assuming drive cache: write through
[    6.403776] sd 2:0:1:0: Attached scsi generic sg1 type 0
[    6.404352] sd 2:0:1:0: [sdb] 20480 512-byte logical blocks: (10.5 MB/10.0 MiB)
[    6.404869] sd 2:0:1:0: [sdb] Write Protect is off
[    6.405513] sd 2:0:1:0: [sdb] Incomplete mode parameter data
[    6.405515] sd 2:0:1:0: [sdb] Assuming drive cache: write through
[    6.407180]  sda: sda1
[    6.469638] sd 2:0:0:0: [sda] Attached SCSI disk
[    6.482442] sd 2:0:1:0: [sdb] Attached SCSI disk
[    7.014340] e1000 0000:00:08.0 eth1: (PCI:33MHz:32-bit) 08:00:27:b5:d4:0f
[    7.023445] e1000 0000:00:08.0 eth1: Intel(R) PRO/1000 Network Connection
[    7.036786] e1000 0000:00:03.0 enp0s3: renamed from eth0
[    7.063748] e1000 0000:00:08.0 enp0s8: renamed from eth1
Begin: Loading essential drivers ... [   10.424010] md: linear personality registered for level -1
[   10.437248] md: multipath personality registered for level -4
[   10.450200] md: raid0 personality registered for level 0
[   10.471353] md: raid1 personality registered for level 1
[   10.624252] raid6: sse2x1   gen() 17899 MB/s
[   10.824001] raid6: sse2x1   xor() 11401 MB/s
[   10.915711] raid6: sse2x2   gen() 13803 MB/s
[   11.086475] raid6: sse2x2   xor() 11590 MB/s
[   11.218549] raid6: sse2x4   gen() 14942 MB/s
[   11.424215] raid6: sse2x4   xor() 13775 MB/s
[   11.556639] raid6: avx2x1   gen() 16718 MB/s
[   11.724283] raid6: avx2x2   gen() 32845 MB/s
[   11.924331] raid6: avx2x4   gen() 27182 MB/s
[   11.934452] raid6: using algorithm avx2x2 gen() 32845 MB/s
[   11.945019] raid6: using avx2x2 recovery algorithm
[   11.955869] xor: automatically using best checksumming function:
[   12.002540]    avx       : 15157.000 MB/sec
[   12.013284] async_tx: api initialized (async)
[   12.061463] md: raid6 personality registered for level 6
[   12.071033] md: raid5 personality registered for level 5
[   12.079453] md: raid4 personality registered for level 4
[   12.108911] md: raid10 personality registered for level 10
done.
Begin: Running /scripts/init-premount ... done.
Begin: Mounting root file system ... Begin: Running /scripts/local-top ... done.
Begin: Running /scripts/local-premount ... [   12.212631] Btrfs loaded
Scanning for Btrfs filesystems
done.
Warning: fsck not present, so skipping root file system
[   12.294960] EXT4-fs (sda1): mounted filesystem with ordered data mode. Opts: (null)
done.
Begin: Running /scripts/local-bottom ... done.
Begin: Running /scripts/init-bottom ... done.
[   12.615034] systemd[1]: systemd 229 running in system mode. (+PAM +AUDIT +SELINUX +IMA +APPARMOR +SMACK +SYSVINIT +UTMP +LIBCRYPTSETUP +GCRYPT +GNUTLS +ACL +XZ -LZ4 +SECCOMP +BLKID +ELFUTILS +KMOD -IDN)
[   12.639631] systemd[1]: Detected virtualization oracle.
[   12.647519] systemd[1]: Detected architecture x86-64.

Welcome to [1mUbuntu 16.04.7 LTS[0m!

[   12.675641] systemd[1]: Set hostname to <ubuntu>.
[   12.696385] systemd[1]: Initializing machine ID from random generator.
[   12.714977] systemd[1]: Installed transient /etc/machine-id file.
[   13.044342] systemd[1]: Listening on LVM2 metadata daemon socket.
[[0;32m  OK  [0m] Listening on LVM2 metadata daemon socket.
[   13.060952] systemd[1]: Started Forward Password Requests to Wall Directory Watch.
[[0;32m  OK  [0m] Started Forward Password Requests to Wall Directory Watch.
[   13.080084] systemd[1]: Reached target Swap.
[[0;32m  OK  [0m] Reached target Swap.
[   13.092169] systemd[1]: Listening on Journal Socket.
[[0;32m  OK  [0m] Listening on Journal Socket.
[   13.105487] systemd[1]: Listening on Device-mapper event daemon FIFOs.
[[0;32m  OK  [0m] Listening on Device-mapper event daemon FIFOs.
[   13.121852] systemd[1]: Reached target System Time Synchronized.
[[0;32m  OK  [0m] Reached target System Time Synchronized.
[   13.137911] systemd[1]: Listening on LVM2 poll daemon socket.
[[0;32m  OK  [0m] Listening on LVM2 poll daemon socket.
[   13.152742] systemd[1]: Listening on Journal Audit Socket.
[[0;32m  OK  [0m] Listening on Journal Audit Socket.
[   13.168422] systemd[1]: Created slice System Slice.
[[0;32m  OK  [0m] Created slice System Slice.
[   13.198873] systemd[1]: Starting Set console keymap...
         Starting Set console keymap...
[   13.213158] systemd[1]: Listening on /dev/initctl Compatibility Named Pipe.
[[0;32m  OK  [0m] Listening on /dev/initctl Compatibility Named Pipe.
[   13.234575] systemd[1]: Listening on udev Kernel Socket.
[[0;32m  OK  [0m] Listening on udev Kernel Socket.
[   13.267287] systemd[1]: Starting Uncomplicated firewall...
[   13.277349] random: nonblocking pool is initialized
         Starting Uncomplicated firewall...
[   13.293627] systemd[1]: Set up automount Arbitrary Executable File Formats File System Automount Point.
[[0;32m  OK  [0m] Set up automount Arbitrary Executab...ats File System Automount Point.
[   13.317726] systemd[1]: Listening on fsck to fsckd communication Socket.
[[0;32m  OK  [0m] Listening on fsck to fsckd communication Socket.
[   13.346831] systemd[1]: Starting Create list of required static device nodes for the current kernel...
         Starting Create list of required st... nodes for the current kernel...
[   13.369051] systemd[1]: Reached target User and Group Name Lookups.
[[0;32m  OK  [0m] Reached target User and Group Name Lookups.
[   13.386631] systemd[1]: Created slice User and Session Slice.
[[0;32m  OK  [0m] Created slice User and Session Slice.
[   13.403233] systemd[1]: Reached target Slices.
[[0;32m  OK  [0m] Reached target Slices.
[   13.434828] systemd[1]: Starting Load Kernel Modules...
         Starting Load Kernel Modules...
[   13.449703] systemd[1]: Mounting POSIX Message Queue File System...
         Mounting POSIX Message Queue File System...
[   13.465772] systemd[1]: Started Trigger resolvconf update for networkd DNS.
[   13.476734] Loading iSCSI transport class v2.0-870.
[[0;32m  OK  [0m] Started Trigger resolvconf update for networkd DNS.
[   13.507348] systemd[1]: Starting Monitoring of LVM2 mirrors, snapshots etc. using dmeventd or progress polling...
[   13.524714] iscsi: registered transport (tcp)
         Starting Monitoring of LVM2 mirrors... dmeventd or progress polling...
[   13.543958] systemd[1]: Listening on Syslog Socket.
[[0;32m  OK  [0m] Listening on Syslog Socket.
[   13.561033] systemd[1]: Reached target Encrypted Volumes.
[[0;32m  OK  [0m] Reached target Encrypted Volumes.
[   13.594929] systemd[1]: Mounting Huge Pages File System...
         Mounting Huge Pages File System...
[   13.616182] systemd[1]: Listening on Journal Socket (/dev/log).
[[0;32m  OK  [0m] Listening on Journal Socket (/dev/log).
[   13.640549] systemd[1]: Starting Journal Service...
         Starting Journal Service...
[   13.660704] systemd[1]: Starting File System Check on Root Device...
         Starting File System Check on Root Device...
[   13.681014] systemd[1]: Mounting Debug File System...
         Mounting Debug File System...
[   13.707072] systemd[1]: Created slice system-serial\x2dgetty.slice.
[[0;32m  OK  [0m] Created slice system-serial\x2dgetty.slice.
[   13.729721] iscsi: registered transport (iser)
[   13.746667] systemd[1]: Starting Nameserver information manager...
         Starting Nameserver information manager...
[   13.762732] systemd[1]: Listening on udev Control Socket.
[[0;32m  OK  [0m] Listening on udev Control Socket.
[   13.780122] systemd[1]: Mounted POSIX Message Queue File System.
[[0;32m  OK  [0m] Mounted POSIX Message Queue File System.
[   13.802717] systemd[1]: Mounted Debug File System.
[[0;32m  OK  [0m] Mounted Debug File System.
[   13.817804] systemd[1]: Mounted Huge Pages File System.
[[0;32m  OK  [0m] Mounted Huge Pages File System.
[   13.834101] systemd[1]: Started Journal Service.
[[0;32m  OK  [0m] Started Journal Service.
[[0;32m  OK  [0m] Started Set console keymap.
[[0;32m  OK  [0m] Started Uncomplicated firewall.
[[0;32m  OK  [0m] Started Create list of required sta...ce nodes for the current kernel.
[[0;32m  OK  [0m] Started Load Kernel Modules.
[[0;32m  OK  [0m] Started File System Check on Root Device.
[[0;32m  OK  [0m] Started File System Check Daemon to report status.
[[0;32m  OK  [0m] Started LVM2 metadata daemon.
         Starting Remount Root and Kernel File Systems...
         Mounting FUSE Control File System...
[   13.946572] EXT4-fs (sda1): re-mounted. Opts: (null)
         Starting Apply Kernel Variables...
         Starting Create Static Device Nodes in /dev...
[[0;32m  OK  [0m] Mounted FUSE Control File System.
[[0;32m  OK  [0m] Started Nameserver information manager.
[[0;32m  OK  [0m] Started Remount Root and Kernel File Systems.
[[0;32m  OK  [0m] Started Apply Kernel Variables.
[[0;32m  OK  [0m] Started Create Static Device Nodes in /dev.
         Starting udev Kernel Device Manager...
         Starting udev Coldplug all Devices...
         Starting Flush Journal to Persistent Storage...
         Starting Load/Save Random Seed...
[[0;32m  OK  [0m] Started Flush Journal to Persistent Storage.
[[0;32m  OK  [0m] Started Load/Save Random Seed.
[[0;32m  OK  [0m] Started udev Kernel Device Manager.
[[0;32m  OK  [0m] Started udev Coldplug all Devices.
[[0;32m  OK  [0m] Started Dispatch Password Requests to Console Directory Watch.
[[0;32m  OK  [0m] Started Monitoring of LVM2 mirrors,...ng dmeventd or progress polling.
[[0;32m  OK  [0m] Reached target Local File Systems (Pre).
[[0;32m  OK  [0m] Reached target Local File Systems.
         Starting Initial cloud-init job (pre-networking)...
         Starting Set console font and keymap...
         Starting Tell Plymouth To Write Out Runtime Data...
         Starting Create Volatile Files and Directories...
         Starting Commit a transient machine-id on disk...
         Starting LSB: AppArmor initialization...
[[0;32m  OK  [0m] Started Create Volatile Files and Directories.
         Starting Update UTMP about System Boot/Shutdown...
[[0;32m  OK  [0m] Started Tell Plymouth To Write Out Runtime Data.
[[0;32m  OK  [0m] Started Commit a transient machine-id on disk.
[[0;32m  OK  [0m] Started Update UTMP about System Boot/Shutdown.
[[0;32m  OK  [0m] Found device /dev/ttyS0.
[[0;32m  OK  [0m] Listening on Load/Save RF Kill Switch Status /dev/rfkill Watch.
[[0;32m  OK  [0m] Started LSB: AppArmor initialization.
         Starting Load AppArmor profiles managed internally by snapd...
[   15.045769] cloud-init[488]: Cloud-init v. 21.1-19-gbad84ad4-0ubuntu1~16.04.1 running 'init-local' at Sun, 23 May 2021 22:13:31 +0000. Up 14.57 seconds.
[[0;32m  OK  [0m] Started Load AppArmor profiles managed internally by snapd.
[[0;32m  OK  [0m] Started Initial cloud-init job (pre-networking).
[[0;32m  OK  [0m] Reached target Network (Pre).
         Starting Raise network interfaces...
[[0;32m  OK  [0m] Started Set console font and keymap.
[[0;32m  OK  [0m] Created slice system-getty.slice.
[[0;32m  OK  [0m] Started Raise network interfaces.
[[0;32m  OK  [0m] Reached target Network.
         Starting Initial cloud-init job (metadata service crawler)...
[   22.254273] cloud-init[966]: Cloud-init v. 21.1-19-gbad84ad4-0ubuntu1~16.04.1 running 'init' at Sun, 23 May 2021 22:13:38 +0000. Up 21.14 seconds.
[   22.268673] cloud-init[966]: ci-info: ++++++++++++++++++++++++++++++++++++++Net device info+++++++++++++++++++++++++++++++++++++++
[   22.282145] cloud-init[966]: ci-info: +--------+-------+----------------------------+---------------+--------+-------------------+
[   22.295927] cloud-init[966]: ci-info: | Device |   Up  |          Address           |      Mask     | Scope  |     Hw-Address    |
[   22.355820] cloud-init[966]: ci-info: +--------+-------+----------------------------+---------------+--------+-------------------+
[   22.380908] cloud-init[966]: ci-info: | enp0s3 |  True |         10.0.2.15          | 255.255.255.0 | global | 02:b2:7d:35:d4:c1 |
[   22.382235] cloud-init[966]: ci-info: | enp0s3 |  True | fe80::b2:7dff:fe35:d4c1/64 |       .       |  link  | 02:b2:7d:35:d4:c1 |
[   22.383233] cloud-init[966]: ci-info: | enp0s8 | False |             .              |       .       |   .    | 08:00:27:b5:d4:0f |
[   22.385528] cloud-init[966]: ci-info: |   lo   |  True |         127.0.0.1          |   255.0.0.0   |  host  |         .         |
[   22.386446] cloud-init[966]: ci-info: |   lo   |  True |          ::1/128           |       .       |  host  |         .         |
[   22.387386] cloud-init[966]: ci-info: +--------+-------+----------------------------+---------------+--------+-------------------+
[   22.387570] cloud-init[966]: ci-info: +++++++++++++++++++++++++++Route IPv4 info++++++++++++++++++++++++++++
[   22.389851] cloud-init[966]: ci-info: +-------+-------------+----------+---------------+-----------+-------+
[   22.391149] cloud-init[966]: ci-info: | Route | Destination | Gateway  |    Genmask    | Interface | Flags |
[[0;32m  OK  [0m] Started Initial cloud-init job (metadata service crawler).
[[0;32m  OK  [0m[   22.391393] cloud-init[966]: ci-info: +-------+-------------+----------+---------------+-----------+-------+
[   22.468499] cloud-init[966]: ci-info: |   0   |   0.0.0.0   | 10.0.2.2 |    0.0.0.0    |   enp0s3  |   UG  |
[   22.469317] cloud-init[966]: ci-info: |   1   |   10.0.2.0  | 0.0.0.0  | 255.255.255.0 |   enp0s3  |   U   |
[   22.470250] cloud-init[966]: ci-info: +-------+-------------+----------+---------------+-----------+-------+
[   22.471131] cloud-init[966]: ci-info: +++++++++++++++++++Route IPv6 info+++++++++++++++++++
[   22.473075] cloud-init[966]: ci-info: +-------+-------------+---------+-----------+-------+
[   22.474947] cloud-init[966]: ci-info: | Route | Destination | Gateway | Interface | Flags |
[   22.475844] cloud-init[966]: ci-info: +-------+-------------+---------+-----------+-------+
[   22.477605] cloud-init[966]: ci-info: |   0   |  fe80::/64  |    ::   |   enp0s3  |   U   |
[   22.478470] cloud-init[966]: ci-info: |   3   |   ff00::/8  |    ::   |   enp0s3  |   U   |
[   22.479139] cloud-init[966]: ci-info: +-------+-------------+---------+-----------+-------+
[   22.479968] cloud-init[966]: Generating public/private rsa key pair.
[   22.481728] cloud-init[966]: Your identification has been saved in /etc/ssh/ssh_host_rsa_key.
[   22.482577] cloud-init[966]: Your public key has been saved in /etc/ssh/ssh_host_rsa_key.pub.
[   22.485264] cloud-init[966]: The key fingerprint is:
[   22.486187] cloud-init[966]: SHA256:YRwUpg0q368FTdP5qjFVPOAi30x9Tua0Y5MUOL/tiFc root@ubuntu-xenial
[   22.487077] cloud-init[966]: The key's randomart image is:
[   22.487970] cloud-init[966]: +---[RSA 2048]----+
[   22.489746] cloud-init[966]: |      ..=..  ..  |
[   22.490596] cloud-init[966]: |     . * + =o  . |
[   22.491579] cloud-init[966]: |  . . o O = =o*  |
[   22.493363] cloud-init[966]: |   o . * B o X.o |
[   22.497092] cloud-init[966]: |    . o S + . Oo |
[   22.497947] cloud-init[966]: |       o . . ..oE|
[   22.498783] cloud-init[966]: |        = .  . + |
[   22.501675] cloud-init[966]: |       o +  . o .|
[   22.502551] cloud-init[966]: |      . .    .   |
[   22.504002] cloud-init[966]: +----[SHA256]-----+
[   22.504048] cloud-init[966]: Generating public/private dsa key pair.
[   22.504236] cloud-init[966]: Your identification has been saved in /etc/ssh/ssh_host_dsa_key.
[   22.505069] cloud-init[966]: Your public key has been saved in /etc/ssh/ssh_host_dsa_key.pub.
[   22.506906] cloud-init[966]: The key fingerprint is:
[   22.507777] cloud-init[966]: SHA256:qFgwAGveNvH0OvrW97bBR6BWB4LaN3yty5D4CGHduJw root@ubuntu-xenial
[   22.513313] cloud-init[966]: The key's randomart image is:
[   22.514176] cloud-init[966]: +---[DSA 1024]----+
[   22.517937] cloud-init[966]: |+       .. .     |
[   22.525182] cloud-init[966]: | o     .  . .    |
[   22.526069] cloud-init[966]: |..o. .+ +  o..   |
[   22.527874] cloud-init[966]: |o .o++.= =o.o.   |
[   22.529586] cloud-init[966]: | . +o.+.So+ ..   |
[   22.530449] cloud-init[966]: |  .o.o.E.o...    |
[   22.531331] cloud-init[966]: |  . .oo o oo..   |
[   22.535555] cloud-init[966]: |    ...o o +o    |
[   22.537214] cloud-init[966]: |   .o.  . oo.    |
[   22.538074] cloud-init[966]: +----[SHA256]-----+
[   22.538909] cloud-init[966]: Generating public/private ecdsa key pair.
[   22.539803] cloud-init[966]: Your identification has been saved in /etc/ssh/ssh_host_ecdsa_key.
[   22.541486] cloud-init[966]: Your public key has been saved in /etc/ssh/ssh_host_ecdsa_key.pub.
[   22.541544] cloud-init[966]: The key fingerprint is:
[   22.541585] cloud-init[966]: SHA256:n23qIzH0owi4eQi3JGL/1MjHnePAnFr11mu7X3p9rvk root@ubuntu-xenial
[   22.541616] cloud-init[966]: The key's randomart image is:
[   22.543398] cloud-init[966]: +---[ECDSA 256]---+
[   22.545134] cloud-init[966]: |                 |
[   22.545966] cloud-init[966]: |                 |
[   22.546802] cloud-init[966]: |                 |
[   22.547667] cloud-init[966]: |        .        |
[   22.550345] cloud-init[966]: |   .   .So       |
[   22.551219] cloud-init[966]: |+.+ o * *.=o.    |
[   22.557867] cloud-init[966]: |o=.= = @ Bo+o.  o|
[   22.563568] cloud-init[966]: |  =.o = = +o ..o=|
[   22.565290] cloud-init[966]: |   ..o   +o..+B*E|
[   22.566186] cloud-init[966]: +----[SHA256]-----+
[   22.567035] cloud-init[966]: Generating public/private ed25519 key pair.
[   22.567909] cloud-init[966]: Your identification has been saved in /etc/ssh/ssh_host_ed25519_key.
[   22.569541] cloud-init[966]: Your public key has been saved in /etc/ssh/ssh_host_ed25519_key.pub.
[   22.574305] cloud-init[966]: The key fingerprint is:
[   22.575162] cloud-init[966]: SHA256:YFL9NR6BKZKZj1NTvuj6sK/P//lJtef20yxor2HNlz4 root@ubuntu-xenial
[   22.577992] cloud-init[966]: The key's randomart image is:
[   22.578841] cloud-init[966]: +--[ED25519 256]--+
[   22.581527] cloud-init[966]: |      .= ..o..   |
[   22.582352] cloud-init[966]: |     .= =.o +    |
[   22.583515] cloud-init[966]: |    . o= +.o o   |
[   22.585086] cloud-init[966]: |     oo......    |
[   22.585953] cloud-init[966]: |       .S .     .|
[   22.587416] cloud-init[966]: |       .     o .o|
[   22.587459] cloud-init[966]: |      . .   o.+++|
[   22.587510] cloud-init[966]: |       =   .o+oE=|
[   22.587542] cloud-init[966]: |      +==..o++++*|
[   22.587576] cloud-init[966]: +----[SHA256]-----+
] Reached target System Initialization.
         Starting Socket activation for snappy daemon.
[[0;32m  OK  [0m] Listening on ACPID Listen Socket.
[[0;32m  OK  [0m] Started Daily Cleanup of Temporary Directories.
[[0;32m  OK  [0m] Started ACPI Events Check.
[[0;32m  OK  [0m] Reached target Paths.
[[0;32m  OK  [0m] Started Daily apt download activities.
[[0;32m  OK  [0m] Started Daily apt upgrade and clean activities.
[[0;32m  OK  [0m] Listening on D-Bus System Message Bus Socket.
[[0;32m  OK  [0m] Listening on UUID daemon activation socket.
[[0;32m  OK  [0m] Started Message of the Day.
[[0;32m  OK  [0m] Reached target Timers.
         Starting LXD - unix socket.
[[0;32m  OK  [0m] Reached target Network is Online.
         Starting iSCSI initiator daemon (iscsid)...
[[0;32m  OK  [0m] Reached target Cloud-config availability.
[[0;32m  OK  [0m] Listening on Socket activation for snappy daemon.
[[0;32m  OK  [0m] Listening on LXD - unix socket.
[[0;32m  OK  [0m] Reached target Sockets.
[[0;32m  OK  [0m] Reached target Basic System.
         Starting LSB: Record successful boot for GRUB...
         Starting LSB: MD monitoring daemon...
         Starting /etc/rc.local Compatibility...
         Starting LXD - container startup/shutdown...
         Starting Accounts Service...
[[0;32m  OK  [0m] Started D-Bus System Message Bus.
         Starting Virtualbox guest utils...
[[0;32m  OK  [0m] Started Regular background program processing daemon.
[[0;32m  OK  [0m] Started ACPI event daemon.
[[0;32m  OK  [0m] Started FUSE filesystem for LXC.
         Starting Login Service...
         Starting Pollinate to seed the pseudo random number generator...
[[0;32m  OK  [0m] Started Deferred execution scheduler.
         Starting Snap Daemon...
         Starting System Logging Service...
[[0;32m  OK  [0m] Started iSCSI initiator daemon (iscsid).
[[0;32m  OK  [0m] Started /etc/rc.local Compatibility.
         Starting Authenticate and Authorize Users to Run Privileged Tasks...
         Starting Login to default iSCSI targets...
[[0;32m  OK  [0m] Started LSB: Record successful boot for GRUB.
[[0;32m  OK  [0m] Started Login Service.
[[0;32m  OK  [0m] Started Unattended Upgrades Shutdown.
[[0;32m  OK  [0m] Started LSB: MD monitoring daemon.
[[0;32m  OK  [0m] Started Authenticate and Authorize Users to Run Privileged Tasks.
[[0;32m  OK  [0m] Started System Logging Service.
[[0;32m  OK  [0m] Started Accounts Service.
[[0;32m  OK  [0m] Started LXD - container startup/shutdown.
[[0;32m  OK  [0m] Started Login to default iSCSI targets.
[[0;32m  OK  [0m] Reached target Remote File Systems (Pre).
[[0;32m  OK  [0m] Reached target Remote File Systems.
         Starting LSB: daemon to balance interrupts for SMP systems...
         Starting LSB: Set the CPU Frequency Scaling governor to "ondemand"...
         Starting LSB: automatic crash report generation...
         Starting Permit User Sessions...
[[0;32m  OK  [0m] Started Permit User Sessions.
         Starting Terminate Plymouth Boot Screen...
         Starting Hold until boot process finishes up...
[[0;32m  OK  [0m] Started Terminate Plymouth Boot Screen.
[[0;32m  OK  [0m] Started Hold until boot process finishes up.
         Starting Set console scheme...
[[0;32m  OK  [0m] Started Getty on tty1.
[[0;32m  OK  [0m] Started Serial Getty on ttyS0.
[[0;32m  OK  [0m] Reached target Login Prompts.
[[0;32m  OK  [0m] Started Virtualbox guest utils.
[[0;32m  OK  [0m] Started LSB: Set the CPU Frequency Scaling governor to "ondemand".
[[0;32m  OK  [0m] Started Set console scheme.
[[0;32m  OK  [0m] Started LSB: automatic crash report generation.
[[0;32m  OK  [0m] Started LSB: daemon to balance interrupts for SMP systems.
[[0;32m  OK  [0m] Started Pollinate to seed the pseudo random number generator.
         Starting OpenBSD Secure Shell server...
[[0;32m  OK  [0m] Started OpenBSD Secure Shell server.
[[0;32m  OK  [0m] Started Snap Daemon.
         Starting Wait until snapd is fully seeded...
[[0;32m  OK  [0m] Created slice User Slice of vagrant.
         Starting User Manager for UID 1000...
[[0;32m  OK  [0m] Started Session 1 of user vagrant.
[[0;32m  OK  [0m] Started User Manager for UID 1000.
[[0;32m  OK  [0m] Started Wait until snapd is fully seeded.
         Starting Apply the settings specified in cloud-config...
[[0;32m  OK  [0m] Reached target Multi-User System.
[[0;32m  OK  [0m] Reached target Graphical Interface.
         Starting Update UTMP about System Runlevel Changes...
[[0;32m  OK  [0m] Started Update UTMP about System Runlevel Changes.
[   26.584350] cloud-init[1384]: Generating locales (this might take a while)...
         Starting Hostname Service...
[[0;32m  OK  [0m] Started Hostname Service.
[   28.066843] cloud-init[1384]:   en_US.UTF-8... done
[   28.075531] cloud-init[1384]: Generation complete.
[[0;32m  OK  [0m] Stopped ifup for enp0s3.
[[0;32m  OK  [0m] Started ifup for enp0s3.
[   28.754173] cloud-init[1384]: Cloud-init v. 21.1-19-gbad84ad4-0ubuntu1~16.04.1 running 'modules:config' at Sun, 23 May 2021 22:13:43 +0000. Up 26.34 seconds.
ci-info: no authorized SSH keys fingerprints found for user ubuntu.
<14>May 23 22:13:46 ec2: 
<14>May 23 22:13:46 ec2: #############################################################
<14>May 23 22:13:46 ec2: -----BEGIN SSH HOST KEY FINGERPRINTS-----
<14>May 23 22:13:46 ec2: 1024 SHA256:qFgwAGveNvH0OvrW97bBR6BWB4LaN3yty5D4CGHduJw root@ubuntu-xenial (DSA)
<14>May 23 22:13:46 ec2: 256 SHA256:n23qIzH0owi4eQi3JGL/1MjHnePAnFr11mu7X3p9rvk root@ubuntu-xenial (ECDSA)
<14>May 23 22:13:46 ec2: 256 SHA256:YFL9NR6BKZKZj1NTvuj6sK/P//lJtef20yxor2HNlz4 root@ubuntu-xenial (ED25519)
<14>May 23 22:13:46 ec2: 2048 SHA256:YRwUpg0q368FTdP5qjFVPOAi30x9Tua0Y5MUOL/tiFc root@ubuntu-xenial (RSA)
<14>May 23 22:13:46 ec2: -----END SSH HOST KEY FINGERPRINTS-----
<14>May 23 22:13:46 ec2: #############################################################
-----BEGIN SSH HOST KEY KEYS-----
ecdsa-sha2-nistp256 AAAAE2VjZHNhLXNoYTItbmlzdHAyNTYAAAAIbmlzdHAyNTYAAABBBAJNdiLDVgyhNfxdcD2kWQvOAWpi9RBGfV3LTmvZPdwfdy8XcMt78UYBUwT1ZSJYzQnllQreTDRIDJ/WehXOz44= root@ubuntu-xenial
ssh-ed25519 AAAAC3NzaC1lZDI1NTE5AAAAIA9qzTe4NbNYjQJETswoopRoFszpYq5U0w/bX6lw1Irv root@ubuntu-xenial
ssh-rsa AAAAB3NzaC1yc2EAAAADAQABAAABAQDA+nbo/HnNRDAvYJNRa/qAVFf1636FwD069jVPX2IHVHXn21EkGwlJVyQq3NiQYLI+2OGjDWLl+ccmBpqxR+3tHSfaE9mueRcjL3AQkIeY0mn5VdNrkSewxeHwxlqCYrpD4q+a7b/zbZuhsNgVFD2kMJJngBRWGP2F+EHtjhTS++9N8Ihs8EJctg51xDhS+uoIJ5aMFmjvoy4lx35Zm0gdkwh1+/25IvOm937/ueQpiyArNb+nFK6Go/hY+PgWMYdDhg8R6S8Q2+OZaqbZTibJFXhYCctbLB/9sAQ9AEo2fddHh8+787xe6iK95QBFGO31bnNX3DErkVTjPAqH3HNd root@ubuntu-xenial
-----END SSH HOST KEY KEYS-----
[   29.830757] cloud-init[1635]: Cloud-init v. 21.1-19-gbad84ad4-0ubuntu1~16.04.1 running 'modules:final' at Sun, 23 May 2021 22:13:46 +0000. Up 29.43 seconds.
[   29.846553] cloud-init[1635]: ci-info: no authorized SSH keys fingerprints found for user ubuntu.
[   29.847042] cloud-init[1635]: Cloud-init v. 21.1-19-gbad84ad4-0ubuntu1~16.04.1 finished at Sun, 23 May 2021 22:13:46 +0000. Datasource DataSourceNoCloud [seed=/dev/sdb][dsmode=net].  Up 29.81 seconds

Ubuntu 16.04.7 LTS thijs-16-ontwikkel-db1 ttyS0

thijs-16-ontwikkel-db1 login: 